  Determining projects to restore...
  All projects are up-to-date for restore.
C:\Program Files\dotnet\sdk\10.0.102\Microsoft.Common.CurrentVersion.targets(2437,5): warning MSB3277: Found conflicts between different versions of "System.Text.Json" that could not be resolved. [C:\Dockerhost\Nina_Rotator_Plugin\AltAzDeRotator.csproj]
C:\Program Files\dotnet\sdk\10.0.102\Microsoft.Common.CurrentVersion.targets(2437,5): warning MSB3277: There was a conflict between "System.Text.Json, Version=8.0.0.0, Culture=neutral, PublicKeyToken=cc7b13ffcd2ddd51" and "System.Text.Json, Version=9.0.0.0, Culture=neutral, PublicKeyToken=cc7b13ffcd2ddd51". [C:\Dockerhost\Nina_Rotator_Plugin\AltAzDeRotator.csproj]
C:\Program Files\dotnet\sdk\10.0.102\Microsoft.Common.CurrentVersion.targets(2437,5): warning MSB3277:     "System.Text.Json, Version=8.0.0.0, Culture=neutral, PublicKeyToken=cc7b13ffcd2ddd51" was chosen because it was primary and "System.Text.Json, Version=9.0.0.0, Culture=neutral, PublicKeyToken=cc7b13ffcd2ddd51" was not. [C:\Dockerhost\Nina_Rotator_Plugin\AltAzDeRotator.csproj]
C:\Program Files\dotnet\sdk\10.0.102\Microsoft.Common.CurrentVersion.targets(2437,5): warning MSB3277:     References which depend on "System.Text.Json, Version=8.0.0.0, Culture=neutral, PublicKeyToken=cc7b13ffcd2ddd51" [C:\Program Files\dotnet\packs\Microsoft.NETCore.App.Ref\8.0.23\ref\net8.0\System.Text.Json.dll]. [C:\Dockerhost\Nina_Rotator_Plugin\AltAzDeRotator.csproj]
C:\Program Files\dotnet\sdk\10.0.102\Microsoft.Common.CurrentVersion.targets(2437,5): warning MSB3277:         C:\Program Files\dotnet\packs\Microsoft.NETCore.App.Ref\8.0.23\ref\net8.0\System.Text.Json.dll [C:\Dockerhost\Nina_Rotator_Plugin\AltAzDeRotator.csproj]
C:\Program Files\dotnet\sdk\10.0.102\Microsoft.Common.CurrentVersion.targets(2437,5): warning MSB3277:           Project file item includes which caused reference "C:\Program Files\dotnet\packs\Microsoft.NETCore.App.Ref\8.0.23\ref\net8.0\System.Text.Json.dll". [C:\Dockerhost\Nina_Rotator_Plugin\AltAzDeRotator.csproj]
C:\Program Files\dotnet\sdk\10.0.102\Microsoft.Common.CurrentVersion.targets(2437,5): warning MSB3277:             C:\Program Files\dotnet\packs\Microsoft.NETCore.App.Ref\8.0.23\ref/net8.0/System.Text.Json.dll [C:\Dockerhost\Nina_Rotator_Plugin\AltAzDeRotator.csproj]
C:\Program Files\dotnet\sdk\10.0.102\Microsoft.Common.CurrentVersion.targets(2437,5): warning MSB3277:     References which depend on or have been unified to "System.Text.Json, Version=9.0.0.0, Culture=neutral, PublicKeyToken=cc7b13ffcd2ddd51" []. [C:\Dockerhost\Nina_Rotator_Plugin\AltAzDeRotator.csproj]
C:\Program Files\dotnet\sdk\10.0.102\Microsoft.Common.CurrentVersion.targets(2437,5): warning MSB3277:         C:\Program Files\N.I.N.A. - Nighttime Imaging 'N' Astronomy\NINA.PlateSolving.dll [C:\Dockerhost\Nina_Rotator_Plugin\AltAzDeRotator.csproj]
C:\Program Files\dotnet\sdk\10.0.102\Microsoft.Common.CurrentVersion.targets(2437,5): warning MSB3277:           Project file item includes which caused reference "C:\Program Files\N.I.N.A. - Nighttime Imaging 'N' Astronomy\NINA.PlateSolving.dll". [C:\Dockerhost\Nina_Rotator_Plugin\AltAzDeRotator.csproj]
C:\Program Files\dotnet\sdk\10.0.102\Microsoft.Common.CurrentVersion.targets(2437,5): warning MSB3277:             NINA [C:\Dockerhost\Nina_Rotator_Plugin\AltAzDeRotator.csproj]
C:\Program Files\dotnet\sdk\10.0.102\Microsoft.Common.CurrentVersion.targets(2437,5): warning MSB3277:             NINA.Plugin [C:\Dockerhost\Nina_Rotator_Plugin\AltAzDeRotator.csproj]
C:\Program Files\dotnet\sdk\10.0.102\Microsoft.Common.CurrentVersion.targets(2437,5): warning MSB3277:             NINA.WPF.Base [C:\Dockerhost\Nina_Rotator_Plugin\AltAzDeRotator.csproj]
C:\Program Files\dotnet\sdk\10.0.102\Microsoft.Common.CurrentVersion.targets(2437,5): warning MSB3277:         C:\Program Files\N.I.N.A. - Nighttime Imaging 'N' Astronomy\NJsonSchema.dll [C:\Dockerhost\Nina_Rotator_Plugin\AltAzDeRotator.csproj]
C:\Program Files\dotnet\sdk\10.0.102\Microsoft.Common.CurrentVersion.targets(2437,5): warning MSB3277:           Project file item includes which caused reference "C:\Program Files\N.I.N.A. - Nighttime Imaging 'N' Astronomy\NJsonSchema.dll". [C:\Dockerhost\Nina_Rotator_Plugin\AltAzDeRotator.csproj]
C:\Program Files\dotnet\sdk\10.0.102\Microsoft.Common.CurrentVersion.targets(2437,5): warning MSB3277:             NINA [C:\Dockerhost\Nina_Rotator_Plugin\AltAzDeRotator.csproj]
C:\Program Files\dotnet\sdk\10.0.102\Microsoft.Common.CurrentVersion.targets(2437,5): warning MSB3277:             NINA.Plugin [C:\Dockerhost\Nina_Rotator_Plugin\AltAzDeRotator.csproj]
C:\Program Files\dotnet\sdk\10.0.102\Microsoft.Common.CurrentVersion.targets(2437,5): warning MSB3277:             NINA.Equipment [C:\Dockerhost\Nina_Rotator_Plugin\AltAzDeRotator.csproj]
C:\Program Files\dotnet\sdk\10.0.102\Microsoft.Common.CurrentVersion.targets(2437,5): warning MSB3277:             NINA.WPF.Base [C:\Dockerhost\Nina_Rotator_Plugin\AltAzDeRotator.csproj]
C:\Program Files\dotnet\sdk\10.0.102\Microsoft.Common.CurrentVersion.targets(2437,5): warning MSB3277:         C:\Program Files\N.I.N.A. - Nighttime Imaging 'N' Astronomy\ASCOM.Alpaca.dll [C:\Dockerhost\Nina_Rotator_Plugin\AltAzDeRotator.csproj]
C:\Program Files\dotnet\sdk\10.0.102\Microsoft.Common.CurrentVersion.targets(2437,5): warning MSB3277:           Project file item includes which caused reference "C:\Program Files\N.I.N.A. - Nighttime Imaging 'N' Astronomy\ASCOM.Alpaca.dll". [C:\Dockerhost\Nina_Rotator_Plugin\AltAzDeRotator.csproj]
C:\Program Files\dotnet\sdk\10.0.102\Microsoft.Common.CurrentVersion.targets(2437,5): warning MSB3277:             NINA.Equipment [C:\Dockerhost\Nina_Rotator_Plugin\AltAzDeRotator.csproj]
C:\Program Files\dotnet\sdk\10.0.102\Microsoft.Common.CurrentVersion.targets(2437,5): warning MSB3277:             NINA [C:\Dockerhost\Nina_Rotator_Plugin\AltAzDeRotator.csproj]
C:\Program Files\dotnet\sdk\10.0.102\Microsoft.Common.CurrentVersion.targets(2437,5): warning MSB3277:             NINA.Plugin [C:\Dockerhost\Nina_Rotator_Plugin\AltAzDeRotator.csproj]
C:\Program Files\dotnet\sdk\10.0.102\Microsoft.Common.CurrentVersion.targets(2437,5): warning MSB3277:             NINA.WPF.Base [C:\Dockerhost\Nina_Rotator_Plugin\AltAzDeRotator.csproj]
C:\Program Files\dotnet\sdk\10.0.102\Microsoft.Common.CurrentVersion.targets(2437,5): warning MSB3277:         C:\Program Files\N.I.N.A. - Nighttime Imaging 'N' Astronomy\ASCOM.Common.dll [C:\Dockerhost\Nina_Rotator_Plugin\AltAzDeRotator.csproj]
C:\Program Files\dotnet\sdk\10.0.102\Microsoft.Common.CurrentVersion.targets(2437,5): warning MSB3277:           Project file item includes which caused reference "C:\Program Files\N.I.N.A. - Nighttime Imaging 'N' Astronomy\ASCOM.Common.dll". [C:\Dockerhost\Nina_Rotator_Plugin\AltAzDeRotator.csproj]
C:\Program Files\dotnet\sdk\10.0.102\Microsoft.Common.CurrentVersion.targets(2437,5): warning MSB3277:             NINA.Equipment [C:\Dockerhost\Nina_Rotator_Plugin\AltAzDeRotator.csproj]
C:\Program Files\dotnet\sdk\10.0.102\Microsoft.Common.CurrentVersion.targets(2437,5): warning MSB3277:             NINA [C:\Dockerhost\Nina_Rotator_Plugin\AltAzDeRotator.csproj]
C:\Program Files\dotnet\sdk\10.0.102\Microsoft.Common.CurrentVersion.targets(2437,5): warning MSB3277:             NINA.Plugin [C:\Dockerhost\Nina_Rotator_Plugin\AltAzDeRotator.csproj]
C:\Program Files\dotnet\sdk\10.0.102\Microsoft.Common.CurrentVersion.targets(2437,5): warning MSB3277:             NINA.WPF.Base [C:\Dockerhost\Nina_Rotator_Plugin\AltAzDeRotator.csproj]
C:\Dockerhost\Nina_Rotator_Plugin\DeRotationPlugin.cs(16,49): error CS0246: The type or namespace name 'IPluginCustomInventory' could not be found (are you missing a using directive or an assembly reference?) [C:\Dockerhost\Nina_Rotator_Plugin\AltAzDeRotator_k4sumdon_wpftmp.csproj]
C:\Dockerhost\Nina_Rotator_Plugin\DeRotationViewModel.cs(6,40): error CS0246: The type or namespace name 'ObservableObject' could not be found (are you missing a using directive or an assembly reference?) [C:\Dockerhost\Nina_Rotator_Plugin\AltAzDeRotator_k4sumdon_wpftmp.csproj]

Build FAILED.

C:\Program Files\dotnet\sdk\10.0.102\Microsoft.Common.CurrentVersion.targets(2437,5): warning MSB3277: Found conflicts between different versions of "System.Text.Json" that could not be resolved. [C:\Dockerhost\Nina_Rotator_Plugin\AltAzDeRotator.csproj]
C:\Program Files\dotnet\sdk\10.0.102\Microsoft.Common.CurrentVersion.targets(2437,5): warning MSB3277: There was a conflict between "System.Text.Json, Version=8.0.0.0, Culture=neutral, PublicKeyToken=cc7b13ffcd2ddd51" and "System.Text.Json, Version=9.0.0.0, Culture=neutral, PublicKeyToken=cc7b13ffcd2ddd51". [C:\Dockerhost\Nina_Rotator_Plugin\AltAzDeRotator.csproj]
C:\Program Files\dotnet\sdk\10.0.102\Microsoft.Common.CurrentVersion.targets(2437,5): warning MSB3277:     "System.Text.Json, Version=8.0.0.0, Culture=neutral, PublicKeyToken=cc7b13ffcd2ddd51" was chosen because it was primary and "System.Text.Json, Version=9.0.0.0, Culture=neutral, PublicKeyToken=cc7b13ffcd2ddd51" was not. [C:\Dockerhost\Nina_Rotator_Plugin\AltAzDeRotator.csproj]
C:\Program Files\dotnet\sdk\10.0.102\Microsoft.Common.CurrentVersion.targets(2437,5): warning MSB3277:     References which depend on "System.Text.Json, Version=8.0.0.0, Culture=neutral, PublicKeyToken=cc7b13ffcd2ddd51" [C:\Program Files\dotnet\packs\Microsoft.NETCore.App.Ref\8.0.23\ref\net8.0\System.Text.Json.dll]. [C:\Dockerhost\Nina_Rotator_Plugin\AltAzDeRotator.csproj]
C:\Program Files\dotnet\sdk\10.0.102\Microsoft.Common.CurrentVersion.targets(2437,5): warning MSB3277:         C:\Program Files\dotnet\packs\Microsoft.NETCore.App.Ref\8.0.23\ref\net8.0\System.Text.Json.dll [C:\Dockerhost\Nina_Rotator_Plugin\AltAzDeRotator.csproj]
C:\Program Files\dotnet\sdk\10.0.102\Microsoft.Common.CurrentVersion.targets(2437,5): warning MSB3277:           Project file item includes which caused reference "C:\Program Files\dotnet\packs\Microsoft.NETCore.App.Ref\8.0.23\ref\net8.0\System.Text.Json.dll". [C:\Dockerhost\Nina_Rotator_Plugin\AltAzDeRotator.csproj]
C:\Program Files\dotnet\sdk\10.0.102\Microsoft.Common.CurrentVersion.targets(2437,5): warning MSB3277:             C:\Program Files\dotnet\packs\Microsoft.NETCore.App.Ref\8.0.23\ref/net8.0/System.Text.Json.dll [C:\Dockerhost\Nina_Rotator_Plugin\AltAzDeRotator.csproj]
C:\Program Files\dotnet\sdk\10.0.102\Microsoft.Common.CurrentVersion.targets(2437,5): warning MSB3277:     References which depend on or have been unified to "System.Text.Json, Version=9.0.0.0, Culture=neutral, PublicKeyToken=cc7b13ffcd2ddd51" []. [C:\Dockerhost\Nina_Rotator_Plugin\AltAzDeRotator.csproj]
C:\Program Files\dotnet\sdk\10.0.102\Microsoft.Common.CurrentVersion.targets(2437,5): warning MSB3277:         C:\Program Files\N.I.N.A. - Nighttime Imaging 'N' Astronomy\NINA.PlateSolving.dll [C:\Dockerhost\Nina_Rotator_Plugin\AltAzDeRotator.csproj]
C:\Program Files\dotnet\sdk\10.0.102\Microsoft.Common.CurrentVersion.targets(2437,5): warning MSB3277:           Project file item includes which caused reference "C:\Program Files\N.I.N.A. - Nighttime Imaging 'N' Astronomy\NINA.PlateSolving.dll". [C:\Dockerhost\Nina_Rotator_Plugin\AltAzDeRotator.csproj]
C:\Program Files\dotnet\sdk\10.0.102\Microsoft.Common.CurrentVersion.targets(2437,5): warning MSB3277:             NINA [C:\Dockerhost\Nina_Rotator_Plugin\AltAzDeRotator.csproj]
C:\Program Files\dotnet\sdk\10.0.102\Microsoft.Common.CurrentVersion.targets(2437,5): warning MSB3277:             NINA.Plugin [C:\Dockerhost\Nina_Rotator_Plugin\AltAzDeRotator.csproj]
C:\Program Files\dotnet\sdk\10.0.102\Microsoft.Common.CurrentVersion.targets(2437,5): warning MSB3277:             NINA.WPF.Base [C:\Dockerhost\Nina_Rotator_Plugin\AltAzDeRotator.csproj]
C:\Program Files\dotnet\sdk\10.0.102\Microsoft.Common.CurrentVersion.targets(2437,5): warning MSB3277:         C:\Program Files\N.I.N.A. - Nighttime Imaging 'N' Astronomy\NJsonSchema.dll [C:\Dockerhost\Nina_Rotator_Plugin\AltAzDeRotator.csproj]
C:\Program Files\dotnet\sdk\10.0.102\Microsoft.Common.CurrentVersion.targets(2437,5): warning MSB3277:           Project file item includes which caused reference "C:\Program Files\N.I.N.A. - Nighttime Imaging 'N' Astronomy\NJsonSchema.dll". [C:\Dockerhost\Nina_Rotator_Plugin\AltAzDeRotator.csproj]
C:\Program Files\dotnet\sdk\10.0.102\Microsoft.Common.CurrentVersion.targets(2437,5): warning MSB3277:             NINA [C:\Dockerhost\Nina_Rotator_Plugin\AltAzDeRotator.csproj]
C:\Program Files\dotnet\sdk\10.0.102\Microsoft.Common.CurrentVersion.targets(2437,5): warning MSB3277:             NINA.Plugin [C:\Dockerhost\Nina_Rotator_Plugin\AltAzDeRotator.csproj]
C:\Program Files\dotnet\sdk\10.0.102\Microsoft.Common.CurrentVersion.targets(2437,5): warning MSB3277:             NINA.Equipment [C:\Dockerhost\Nina_Rotator_Plugin\AltAzDeRotator.csproj]
C:\Program Files\dotnet\sdk\10.0.102\Microsoft.Common.CurrentVersion.targets(2437,5): warning MSB3277:             NINA.WPF.Base [C:\Dockerhost\Nina_Rotator_Plugin\AltAzDeRotator.csproj]
C:\Program Files\dotnet\sdk\10.0.102\Microsoft.Common.CurrentVersion.targets(2437,5): warning MSB3277:         C:\Program Files\N.I.N.A. - Nighttime Imaging 'N' Astronomy\ASCOM.Alpaca.dll [C:\Dockerhost\Nina_Rotator_Plugin\AltAzDeRotator.csproj]
C:\Program Files\dotnet\sdk\10.0.102\Microsoft.Common.CurrentVersion.targets(2437,5): warning MSB3277:           Project file item includes which caused reference "C:\Program Files\N.I.N.A. - Nighttime Imaging 'N' Astronomy\ASCOM.Alpaca.dll". [C:\Dockerhost\Nina_Rotator_Plugin\AltAzDeRotator.csproj]
C:\Program Files\dotnet\sdk\10.0.102\Microsoft.Common.CurrentVersion.targets(2437,5): warning MSB3277:             NINA.Equipment [C:\Dockerhost\Nina_Rotator_Plugin\AltAzDeRotator.csproj]
C:\Program Files\dotnet\sdk\10.0.102\Microsoft.Common.CurrentVersion.targets(2437,5): warning MSB3277:             NINA [C:\Dockerhost\Nina_Rotator_Plugin\AltAzDeRotator.csproj]
C:\Program Files\dotnet\sdk\10.0.102\Microsoft.Common.CurrentVersion.targets(2437,5): warning MSB3277:             NINA.Plugin [C:\Dockerhost\Nina_Rotator_Plugin\AltAzDeRotator.csproj]
C:\Program Files\dotnet\sdk\10.0.102\Microsoft.Common.CurrentVersion.targets(2437,5): warning MSB3277:             NINA.WPF.Base [C:\Dockerhost\Nina_Rotator_Plugin\AltAzDeRotator.csproj]
C:\Program Files\dotnet\sdk\10.0.102\Microsoft.Common.CurrentVersion.targets(2437,5): warning MSB3277:         C:\Program Files\N.I.N.A. - Nighttime Imaging 'N' Astronomy\ASCOM.Common.dll [C:\Dockerhost\Nina_Rotator_Plugin\AltAzDeRotator.csproj]
C:\Program Files\dotnet\sdk\10.0.102\Microsoft.Common.CurrentVersion.targets(2437,5): warning MSB3277:           Project file item includes which caused reference "C:\Program Files\N.I.N.A. - Nighttime Imaging 'N' Astronomy\ASCOM.Common.dll". [C:\Dockerhost\Nina_Rotator_Plugin\AltAzDeRotator.csproj]
C:\Program Files\dotnet\sdk\10.0.102\Microsoft.Common.CurrentVersion.targets(2437,5): warning MSB3277:             NINA.Equipment [C:\Dockerhost\Nina_Rotator_Plugin\AltAzDeRotator.csproj]
C:\Program Files\dotnet\sdk\10.0.102\Microsoft.Common.CurrentVersion.targets(2437,5): warning MSB3277:             NINA [C:\Dockerhost\Nina_Rotator_Plugin\AltAzDeRotator.csproj]
C:\Program Files\dotnet\sdk\10.0.102\Microsoft.Common.CurrentVersion.targets(2437,5): warning MSB3277:             NINA.Plugin [C:\Dockerhost\Nina_Rotator_Plugin\AltAzDeRotator.csproj]
C:\Program Files\dotnet\sdk\10.0.102\Microsoft.Common.CurrentVersion.targets(2437,5): warning MSB3277:             NINA.WPF.Base [C:\Dockerhost\Nina_Rotator_Plugin\AltAzDeRotator.csproj]
C:\Dockerhost\Nina_Rotator_Plugin\DeRotationPlugin.cs(16,49): error CS0246: The type or namespace name 'IPluginCustomInventory' could not be found (are you missing a using directive or an assembly reference?) [C:\Dockerhost\Nina_Rotator_Plugin\AltAzDeRotator_k4sumdon_wpftmp.csproj]
C:\Dockerhost\Nina_Rotator_Plugin\DeRotationViewModel.cs(6,40): error CS0246: The type or namespace name 'ObservableObject' could not be found (are you missing a using directive or an assembly reference?) [C:\Dockerhost\Nina_Rotator_Plugin\AltAzDeRotator_k4sumdon_wpftmp.csproj]
    1 Warning(s)
    2 Error(s)

Time Elapsed 00:00:01.24
